2026-08-28 16:07:36 | src.util.logging_configurator | INFO     | Pick-and-place pipeline started.
2026-08-28 16:07:36 | src.vision.onnx_detector | INFO     | OnnxDetector initialized | model=models/yolo_detector.onnx | classes=['Bread', 'Can', 'Cereal', 'Milk'] | providers=['CUDAExecutionProvider', 'CPUExecutionProvider'] | active=['CPUExecutionProvider']
2026-08-28 16:07:36 | src.vision.pose_estimator | INFO     | PoseEstimator initialized | model=models/pose_estimator.onnx | inputs=['image', 'bbox', 'class_onehot', 'crop'] | providers=['CUDAExecutionProvider', 'CPUExecutionProvider'] | active=['CPUExecutionProvider']
2026-08-28 16:07:39 | src.execution.pickplace_executor | INFO     | PickPlaceExecutor initialized | controller=PickPlaceController
2026-08-28 16:07:39 | src.execution.pickplace_executor | INFO     | Run started | seed=None | pick_order=Cereal, Milk, Can, Bread
2026-08-28 16:07:39 | src.execution.pickplace_executor | INFO     | Scan 1 | detected=4
2026-08-28 16:07:39 | src.execution.pickplace_executor | INFO     | Scan 1 | Cereal detected | confidence=0.97 | world_position=(0.186, -0.125, 0.896) | grasp_yaw=17.0° | position_error=0.5cm | rotation_error=0.7°
2026-08-28 16:07:39 | src.execution.pickplace_executor | INFO     | Scan 1 | Bread detected | confidence=0.96 | world_position=(0.119, -0.280, 0.844) | grasp_yaw=31.0° | position_error=0.2cm | rotation_error=0.5°
2026-08-28 16:07:39 | src.execution.pickplace_executor | INFO     | Scan 1 | Milk detected | confidence=0.95 | world_position=(0.079, -0.218, 0.882) | grasp_yaw=-71.1° | position_error=0.3cm | rotation_error=0.4°
2026-08-28 16:07:39 | src.execution.pickplace_executor | INFO     | Scan 1 | Can detected | confidence=0.92 | world_position=(0.015, -0.215, 0.863) | grasp_yaw=80.1° | position_error=0.6cm | rotation_error=n/a (rotation-symmetric)
2026-08-28 16:07:40 | src.util.logging_configurator | INFO     | Scan 1 | saved outputs/scans/scan_01_agentview.png
2026-08-28 16:07:40 | src.control.pickplace_controller | INFO     | Cereal | joint-pose start | object=(0.186, -0.125, 0.896) | bin=(0.003, 0.403, 0.800)
2026-08-28 16:07:40 | src.control.pickplace_controller | INFO     | Cereal | RAISE started | target_position=(0.063, -0.000, 1.200)
2026-08-28 16:07:40 | src.control.pickplace_controller | DEBUG    | Cereal | RAISE progress | tick=20 | position_error=0.1881 m
2026-08-28 16:07:41 | src.control.pickplace_controller | DEBUG    | Cereal | RAISE progress | tick=40 | position_error=0.1179 m
2026-08-28 16:07:41 | src.control.pickplace_controller | DEBUG    | Cereal | RAISE progress | tick=60 | position_error=0.0419 m
2026-08-28 16:07:41 | src.control.pickplace_controller | INFO     | Cereal | RAISE completed | ticks=70 | position_error=0.0042 m | joint5_error=0.00° | joint6_error=0.66°
2026-08-28 16:07:41 | src.control.pickplace_controller | INFO     | Cereal | ALIGN_XY started | target_position=(0.186, -0.125, 1.200)
2026-08-28 16:07:42 | src.control.pickplace_controller | DEBUG    | Cereal | ALIGN_XY progress | tick=20 | position_error=0.1185 m
2026-08-28 16:07:42 | src.control.pickplace_controller | DEBUG    | Cereal | ALIGN_XY progress | tick=40 | position_error=0.0592 m
2026-08-28 16:07:43 | src.control.pickplace_controller | DEBUG    | Cereal | ALIGN_XY progress | tick=60 | position_error=0.0095 m
2026-08-28 16:07:43 | src.control.pickplace_controller | INFO     | Cereal | ALIGN_XY completed | ticks=62 | position_error=0.0029 m | joint5_error=0.08° | joint6_error=0.18°
2026-08-28 16:07:43 | src.control.pickplace_controller | INFO     | Cereal | DESCEND started | target_position=(0.186, -0.125, 1.016)
2026-08-28 16:07:43 | src.control.pickplace_controller | DEBUG    | Cereal | DESCEND progress | tick=20 | position_error=0.1134 m
2026-08-28 16:07:43 | src.control.pickplace_controller | DEBUG    | Cereal | DESCEND progress | tick=40 | position_error=0.0331 m
2026-08-28 16:07:44 | src.control.pickplace_controller | INFO     | Cereal | DESCEND completed | ticks=47 | position_error=0.0034 m | joint5_error=0.12° | joint6_error=0.58°
2026-08-28 16:07:44 | src.control.pickplace_controller | INFO     | Cereal | ORIENT_YAW started | target_yaw=16.96°
2026-08-28 16:07:44 | src.control.pickplace_controller | DEBUG    | Cereal | ORIENT_YAW progress | tick=20
2026-08-28 16:07:44 | src.control.pickplace_controller | DEBUG    | Cereal | ORIENT_YAW progress | tick=40
2026-08-28 16:07:44 | src.control.pickplace_controller | DEBUG    | Cereal | ORIENT_YAW progress | tick=60
2026-08-28 16:07:45 | src.control.pickplace_controller | DEBUG    | Cereal | ORIENT_YAW progress | tick=80
2026-08-28 16:07:45 | src.control.pickplace_controller | DEBUG    | Cereal | ORIENT_YAW progress | tick=100
2026-08-28 16:07:45 | src.control.pickplace_controller | INFO     | Cereal | ORIENT_YAW completed | ticks=118 | yaw_error=-0.79°
2026-08-28 16:07:45 | src.control.pickplace_controller | INFO     | Cereal | FINE_DESCEND started | target_position=(0.186, -0.125, 0.914)
2026-08-28 16:07:46 | src.control.pickplace_controller | DEBUG    | Cereal | FINE_DESCEND progress | tick=20 | position_error=0.0642 m
2026-08-28 16:07:46 | src.control.pickplace_controller | DEBUG    | Cereal | FINE_DESCEND progress | tick=40 | position_error=0.0225 m
2026-08-28 16:07:46 | src.control.pickplace_controller | INFO     | Cereal | FINE_DESCEND completed | ticks=48 | position_error=0.0038 m | joint5_error=0.11° | joint6_error=0.28°
2026-08-28 16:07:46 | src.control.pickplace_controller | INFO     | Cereal | GRASP started | closing gripper | dwell_ticks=40
2026-08-28 16:07:47 | src.control.pickplace_controller | INFO     | Cereal | GRASP completed | object is held | dwell_ticks=40
2026-08-28 16:07:47 | src.control.pickplace_controller | INFO     | Cereal | LIFT started | target_position=(0.186, -0.125, 1.200)
2026-08-28 16:07:47 | src.control.pickplace_controller | DEBUG    | Cereal | LIFT progress | tick=20 | position_error=0.2238 m
2026-08-28 16:07:48 | src.control.pickplace_controller | DEBUG    | Cereal | LIFT progress | tick=40 | position_error=0.1465 m
2026-08-28 16:07:48 | src.control.pickplace_controller | DEBUG    | Cereal | LIFT progress | tick=60 | position_error=0.0704 m
2026-08-28 16:07:49 | src.control.pickplace_controller | INFO     | Cereal | LIFT verified | object rose 0.271 m while grasped
2026-08-28 16:07:49 | src.control.pickplace_controller | INFO     | Cereal | LIFT completed | ticks=77 | position_error=0.0047 m | joint5_error=0.05° | joint6_error=0.66°
2026-08-28 16:07:49 | src.control.pickplace_controller | INFO     | Cereal | REZERO_YAW started | target_yaw=90.00°
2026-08-28 16:07:49 | src.control.pickplace_controller | DEBUG    | Cereal | REZERO_YAW progress | tick=20
2026-08-28 16:07:50 | src.control.pickplace_controller | DEBUG    | Cereal | REZERO_YAW progress | tick=40
2026-08-28 16:07:50 | src.control.pickplace_controller | DEBUG    | Cereal | REZERO_YAW progress | tick=60
2026-08-28 16:07:50 | src.control.pickplace_controller | DEBUG    | Cereal | REZERO_YAW progress | tick=80
2026-08-28 16:07:51 | src.control.pickplace_controller | DEBUG    | Cereal | REZERO_YAW progress | tick=100
2026-08-28 16:07:51 | src.control.pickplace_controller | INFO     | Cereal | REZERO_YAW completed | ticks=115 | yaw_error=0.79°
2026-08-28 16:07:51 | src.control.pickplace_controller | INFO     | Cereal | MOVE_TO_BIN started | target_position=(0.003, 0.403, 1.200)
2026-08-28 16:07:51 | src.control.pickplace_controller | DEBUG    | Cereal | MOVE_TO_BIN progress | tick=20 | position_error=0.4897 m
2026-08-28 16:07:52 | src.control.pickplace_controller | DEBUG    | Cereal | MOVE_TO_BIN progress | tick=40 | position_error=0.4033 m
2026-08-28 16:07:52 | src.control.pickplace_controller | DEBUG    | Cereal | MOVE_TO_BIN progress | tick=60 | position_error=0.3181 m
2026-08-28 16:07:53 | src.control.pickplace_controller | DEBUG    | Cereal | MOVE_TO_BIN progress | tick=80 | position_error=0.2342 m
2026-08-28 16:07:53 | src.control.pickplace_controller | DEBUG    | Cereal | MOVE_TO_BIN progress | tick=100 | position_error=0.1519 m
2026-08-28 16:07:53 | src.control.pickplace_controller | DEBUG    | Cereal | MOVE_TO_BIN progress | tick=120 | position_error=0.0713 m
2026-08-28 16:07:54 | src.control.pickplace_controller | INFO     | Cereal | MOVE_TO_BIN completed | ticks=139 | position_error=0.0036 m | joint5_error=0.21° | joint6_error=0.15° | yaw_error=-0.66°
2026-08-28 16:07:54 | src.control.pickplace_controller | INFO     | Cereal | DESCEND_TO_BIN started | target_position=(0.003, 0.403, 0.950)
2026-08-28 16:07:54 | src.control.pickplace_controller | DEBUG    | Cereal | DESCEND_TO_BIN progress | tick=20 | position_error=0.1779 m
2026-08-28 16:07:55 | src.control.pickplace_controller | DEBUG    | Cereal | DESCEND_TO_BIN progress | tick=40 | position_error=0.0943 m
2026-08-28 16:07:55 | src.control.pickplace_controller | DEBUG    | Cereal | DESCEND_TO_BIN progress | tick=60 | position_error=0.0163 m
2026-08-28 16:07:56 | src.control.pickplace_controller | INFO     | Cereal | DESCEND_TO_BIN completed | ticks=71 | position_error=0.0009 m | joint5_error=0.01° | joint6_error=0.01° | yaw_error=-0.76°
2026-08-28 16:07:56 | src.control.pickplace_controller | INFO     | Cereal | RELEASE started | opening gripper | dwell_ticks=50
2026-08-28 16:07:56 | src.control.pickplace_controller | INFO     | Cereal | RELEASE completed | dwell_ticks=50 | placement finished
2026-08-28 16:07:56 | src.execution.pickplace_executor | INFO     | Scan 2 | detected=3
2026-08-28 16:07:56 | src.execution.pickplace_executor | INFO     | Scan 2 | Bread detected | confidence=0.97 | world_position=(0.122, -0.280, 0.843) | grasp_yaw=31.9° | position_error=0.4cm | rotation_error=0.2°
2026-08-28 16:07:56 | src.execution.pickplace_executor | INFO     | Scan 2 | Milk detected | confidence=0.96 | world_position=(0.085, -0.214, 0.882) | grasp_yaw=-71.5° | position_error=0.7cm | rotation_error=0.0°
2026-08-28 16:07:57 | src.execution.pickplace_executor | INFO     | Scan 2 | Can detected | confidence=0.95 | world_position=(0.016, -0.218, 0.862) | grasp_yaw=81.4° | position_error=0.5cm | rotation_error=n/a (rotation-symmetric)
2026-08-28 16:07:57 | src.util.logging_configurator | INFO     | Scan 2 | saved outputs/scans/scan_02_agentview.png
2026-08-28 16:07:57 | src.control.pickplace_controller | INFO     | Milk | joint-pose start | object=(0.085, -0.214, 0.882) | bin=(0.003, 0.158, 0.800)
2026-08-28 16:07:57 | src.control.pickplace_controller | INFO     | Milk | RAISE started | target_position=(0.002, 0.402, 1.200)
2026-08-28 16:07:57 | src.control.pickplace_controller | DEBUG    | Milk | RAISE progress | tick=20 | position_error=0.1941 m
2026-08-28 16:07:57 | src.control.pickplace_controller | DEBUG    | Milk | RAISE progress | tick=40 | position_error=0.1171 m
2026-08-28 16:07:58 | src.control.pickplace_controller | DEBUG    | Milk | RAISE progress | tick=60 | position_error=0.0383 m
2026-08-28 16:07:58 | src.control.pickplace_controller | INFO     | Milk | RAISE completed | ticks=68 | position_error=0.0049 m | joint5_error=0.13° | joint6_error=0.71°
2026-08-28 16:07:58 | src.control.pickplace_controller | INFO     | Milk | ALIGN_XY started | target_position=(0.085, -0.214, 1.200)
2026-08-28 16:07:58 | src.control.pickplace_controller | DEBUG    | Milk | ALIGN_XY progress | tick=20 | position_error=0.5522 m
2026-08-28 16:07:59 | src.control.pickplace_controller | DEBUG    | Milk | ALIGN_XY progress | tick=40 | position_error=0.4794 m
2026-08-28 16:07:59 | src.control.pickplace_controller | DEBUG    | Milk | ALIGN_XY progress | tick=60 | position_error=0.4059 m
2026-08-28 16:08:00 | src.control.pickplace_controller | DEBUG    | Milk | ALIGN_XY progress | tick=80 | position_error=0.3305 m
2026-08-28 16:08:00 | src.control.pickplace_controller | DEBUG    | Milk | ALIGN_XY progress | tick=100 | position_error=0.2526 m
2026-08-28 16:08:00 | src.control.pickplace_controller | DEBUG    | Milk | ALIGN_XY progress | tick=120 | position_error=0.1722 m
2026-08-28 16:08:01 | src.control.pickplace_controller | DEBUG    | Milk | ALIGN_XY progress | tick=140 | position_error=0.0884 m
2026-08-28 16:08:01 | src.control.pickplace_controller | DEBUG    | Milk | ALIGN_XY progress | tick=160 | position_error=0.0071 m
2026-08-28 16:08:01 | src.control.pickplace_controller | INFO     | Milk | ALIGN_XY completed | ticks=160 | position_error=0.0033 m | joint5_error=0.07° | joint6_error=0.11°
2026-08-28 16:08:01 | src.control.pickplace_controller | INFO     | Milk | DESCEND started | target_position=(0.085, -0.214, 1.002)
2026-08-28 16:08:01 | src.control.pickplace_controller | DEBUG    | Milk | DESCEND progress | tick=20 | position_error=0.1295 m
2026-08-28 16:08:02 | src.control.pickplace_controller | DEBUG    | Milk | DESCEND progress | tick=40 | position_error=0.0505 m
2026-08-28 16:08:02 | src.control.pickplace_controller | INFO     | Milk | DESCEND completed | ticks=52 | position_error=0.0036 m | joint5_error=0.24° | joint6_error=0.59°
2026-08-28 16:08:02 | src.control.pickplace_controller | INFO     | Milk | ORIENT_YAW started | target_yaw=108.47°
2026-08-28 16:08:02 | src.control.pickplace_controller | DEBUG    | Milk | ORIENT_YAW progress | tick=20
2026-08-28 16:08:03 | src.control.pickplace_controller | INFO     | Milk | ORIENT_YAW completed | ticks=35 | yaw_error=0.64°
2026-08-28 16:08:03 | src.control.pickplace_controller | INFO     | Milk | FINE_DESCEND started | target_position=(0.085, -0.214, 0.904)
2026-08-28 16:08:03 | src.control.pickplace_controller | DEBUG    | Milk | FINE_DESCEND progress | tick=20 | position_error=0.0858 m
2026-08-28 16:08:03 | src.control.pickplace_controller | DEBUG    | Milk | FINE_DESCEND progress | tick=40 | position_error=0.0725 m
2026-08-28 16:08:04 | src.control.pickplace_controller | DEBUG    | Milk | FINE_DESCEND progress | tick=60 | position_error=0.0591 m
2026-08-28 16:08:04 | src.control.pickplace_controller | DEBUG    | Milk | FINE_DESCEND progress | tick=80 | position_error=0.0457 m
2026-08-28 16:08:04 | src.control.pickplace_controller | DEBUG    | Milk | FINE_DESCEND progress | tick=100 | position_error=0.0322 m
2026-08-28 16:08:05 | src.control.pickplace_controller | DEBUG    | Milk | FINE_DESCEND progress | tick=120 | position_error=0.0187 m
2026-08-28 16:08:05 | src.control.pickplace_controller | DEBUG    | Milk | FINE_DESCEND progress | tick=140 | position_error=0.0052 m
2026-08-28 16:08:05 | src.control.pickplace_controller | INFO     | Milk | FINE_DESCEND completed | ticks=140 | position_error=0.0046 m | joint5_error=0.11° | joint6_error=0.10°
2026-08-28 16:08:05 | src.control.pickplace_controller | INFO     | Milk | GRASP started | closing gripper | dwell_ticks=40
2026-08-28 16:08:06 | src.control.pickplace_controller | INFO     | Milk | GRASP completed | object is held | dwell_ticks=40
2026-08-28 16:08:06 | src.control.pickplace_controller | INFO     | Milk | LIFT started | target_position=(0.085, -0.214, 1.200)
2026-08-28 16:08:06 | src.control.pickplace_controller | DEBUG    | Milk | LIFT progress | tick=20 | position_error=0.2351 m
2026-08-28 16:08:07 | src.control.pickplace_controller | DEBUG    | Milk | LIFT progress | tick=40 | position_error=0.1667 m
2026-08-28 16:08:07 | src.control.pickplace_controller | DEBUG    | Milk | LIFT progress | tick=60 | position_error=0.0897 m
2026-08-28 16:08:08 | src.control.pickplace_controller | DEBUG    | Milk | LIFT progress | tick=80 | position_error=0.0134 m
2026-08-28 16:08:08 | src.control.pickplace_controller | INFO     | Milk | LIFT verified | object rose 0.283 m while grasped
2026-08-28 16:08:08 | src.control.pickplace_controller | INFO     | Milk | LIFT completed | ticks=82 | position_error=0.0044 m | joint5_error=0.05° | joint6_error=0.69°
2026-08-28 16:08:08 | src.control.pickplace_controller | INFO     | Milk | REZERO_YAW started | target_yaw=-90.00°
2026-08-28 16:08:08 | src.control.pickplace_controller | DEBUG    | Milk | REZERO_YAW progress | tick=20
2026-08-28 16:08:08 | src.control.pickplace_controller | INFO     | Milk | REZERO_YAW completed | ticks=38 | yaw_error=-0.66°
2026-08-28 16:08:08 | src.control.pickplace_controller | INFO     | Milk | MOVE_TO_BIN started | target_position=(0.003, 0.158, 1.200)
2026-08-28 16:08:09 | src.control.pickplace_controller | DEBUG    | Milk | MOVE_TO_BIN progress | tick=20 | position_error=0.3015 m
2026-08-28 16:08:09 | src.control.pickplace_controller | DEBUG    | Milk | MOVE_TO_BIN progress | tick=40 | position_error=0.2214 m
2026-08-28 16:08:09 | src.control.pickplace_controller | DEBUG    | Milk | MOVE_TO_BIN progress | tick=60 | position_error=0.1424 m
2026-08-28 16:08:10 | src.control.pickplace_controller | DEBUG    | Milk | MOVE_TO_BIN progress | tick=80 | position_error=0.0646 m
2026-08-28 16:08:10 | src.control.pickplace_controller | INFO     | Milk | MOVE_TO_BIN completed | ticks=95 | position_error=0.0022 m | joint5_error=0.03° | joint6_error=0.06° | yaw_error=0.20°
2026-08-28 16:08:10 | src.control.pickplace_controller | INFO     | Milk | DESCEND_TO_BIN started | target_position=(0.003, 0.158, 0.950)
2026-08-28 16:08:11 | src.control.pickplace_controller | DEBUG    | Milk | DESCEND_TO_BIN progress | tick=20 | position_error=0.1840 m
2026-08-28 16:08:11 | src.control.pickplace_controller | DEBUG    | Milk | DESCEND_TO_BIN progress | tick=40 | position_error=0.1085 m
2026-08-28 16:08:11 | src.control.pickplace_controller | DEBUG    | Milk | DESCEND_TO_BIN progress | tick=60 | position_error=0.0464 m
2026-08-28 16:08:12 | src.control.pickplace_controller | DEBUG    | Milk | DESCEND_TO_BIN progress | tick=80 | position_error=0.0019 m
2026-08-28 16:08:12 | src.control.pickplace_controller | INFO     | Milk | DESCEND_TO_BIN completed | ticks=83 | position_error=0.0008 m | joint5_error=0.03° | joint6_error=0.02° | yaw_error=-0.66°
2026-08-28 16:08:12 | src.control.pickplace_controller | INFO     | Milk | RELEASE started | opening gripper | dwell_ticks=50
2026-08-28 16:08:13 | src.control.pickplace_controller | INFO     | Milk | RELEASE completed | dwell_ticks=50 | placement finished
2026-08-28 16:08:13 | src.execution.pickplace_executor | INFO     | Scan 3 | detected=2
2026-08-28 16:08:13 | src.execution.pickplace_executor | INFO     | Scan 3 | Bread detected | confidence=0.97 | world_position=(0.123, -0.278, 0.844) | grasp_yaw=32.3° | position_error=0.6cm | rotation_error=0.3°
2026-08-28 16:08:13 | src.execution.pickplace_executor | INFO     | Scan 3 | Can detected | confidence=0.96 | world_position=(0.018, -0.218, 0.862) | grasp_yaw=-50.3° | position_error=0.6cm | rotation_error=n/a (rotation-symmetric)
2026-08-28 16:08:13 | src.util.logging_configurator | INFO     | Scan 3 | saved outputs/scans/scan_03_agentview.png
2026-08-28 16:08:13 | src.control.pickplace_controller | INFO     | Can | joint-pose start | object=(0.018, -0.218, 0.862) | bin=(0.198, 0.403, 0.800)
2026-08-28 16:08:13 | src.control.pickplace_controller | INFO     | Can | RAISE started | target_position=(0.002, 0.157, 1.200)
2026-08-28 16:08:13 | src.control.pickplace_controller | DEBUG    | Can | RAISE progress | tick=20 | position_error=0.2087 m
2026-08-28 16:08:14 | src.control.pickplace_controller | DEBUG    | Can | RAISE progress | tick=40 | position_error=0.1526 m
2026-08-28 16:08:14 | src.control.pickplace_controller | DEBUG    | Can | RAISE progress | tick=60 | position_error=0.0831 m
2026-08-28 16:08:15 | src.control.pickplace_controller | DEBUG    | Can | RAISE progress | tick=80 | position_error=0.0085 m
2026-08-28 16:08:15 | src.control.pickplace_controller | INFO     | Can | RAISE completed | ticks=81 | position_error=0.0044 m | joint5_error=0.00° | joint6_error=0.68°
2026-08-28 16:08:15 | src.control.pickplace_controller | INFO     | Can | ALIGN_XY started | target_position=(0.018, -0.218, 1.200)
2026-08-28 16:08:15 | src.control.pickplace_controller | DEBUG    | Can | ALIGN_XY progress | tick=20 | position_error=0.3105 m
2026-08-28 16:08:15 | src.control.pickplace_controller | DEBUG    | Can | ALIGN_XY progress | tick=40 | position_error=0.2367 m
2026-08-28 16:08:16 | src.control.pickplace_controller | DEBUG    | Can | ALIGN_XY progress | tick=60 | position_error=0.1610 m
2026-08-28 16:08:16 | src.control.pickplace_controller | DEBUG    | Can | ALIGN_XY progress | tick=80 | position_error=0.0817 m
2026-08-28 16:08:17 | src.control.pickplace_controller | DEBUG    | Can | ALIGN_XY progress | tick=100 | position_error=0.0072 m
2026-08-28 16:08:17 | src.control.pickplace_controller | INFO     | Can | ALIGN_XY completed | ticks=100 | position_error=0.0031 m | joint5_error=0.00° | joint6_error=0.01°
2026-08-28 16:08:17 | src.control.pickplace_controller | INFO     | Can | DESCEND started | target_position=(0.018, -0.218, 0.982)
2026-08-28 16:08:17 | src.control.pickplace_controller | DEBUG    | Can | DESCEND progress | tick=20 | position_error=0.1519 m
2026-08-28 16:08:17 | src.control.pickplace_controller | DEBUG    | Can | DESCEND progress | tick=40 | position_error=0.0747 m
2026-08-28 16:08:18 | src.control.pickplace_controller | DEBUG    | Can | DESCEND progress | tick=60 | position_error=0.0081 m
2026-08-28 16:08:18 | src.control.pickplace_controller | INFO     | Can | DESCEND completed | ticks=61 | position_error=0.0039 m | joint5_error=0.32° | joint6_error=0.58°
2026-08-28 16:08:18 | src.control.pickplace_controller | INFO     | Can | FINE_DESCEND started | target_position=(0.018, -0.218, 0.859)
2026-08-28 16:08:18 | src.control.pickplace_controller | DEBUG    | Can | FINE_DESCEND progress | tick=20 | position_error=0.0865 m
2026-08-28 16:08:19 | src.control.pickplace_controller | DEBUG    | Can | FINE_DESCEND progress | tick=40 | position_error=0.0461 m
2026-08-28 16:08:19 | src.control.pickplace_controller | INFO     | Can | FINE_DESCEND completed | ticks=59 | position_error=0.0049 m | joint5_error=0.60° | joint6_error=0.28°
2026-08-28 16:08:19 | src.control.pickplace_controller | INFO     | Can | GRASP started | closing gripper | dwell_ticks=40
2026-08-28 16:08:20 | src.control.pickplace_controller | INFO     | Can | GRASP completed | object is held | dwell_ticks=40
2026-08-28 16:08:20 | src.control.pickplace_controller | INFO     | Can | LIFT started | target_position=(0.018, -0.218, 1.200)
2026-08-28 16:08:20 | src.control.pickplace_controller | DEBUG    | Can | LIFT progress | tick=20 | position_error=0.2883 m
2026-08-28 16:08:20 | src.control.pickplace_controller | DEBUG    | Can | LIFT progress | tick=40 | position_error=0.2351 m
2026-08-28 16:08:21 | src.control.pickplace_controller | DEBUG    | Can | LIFT progress | tick=60 | position_error=0.1768 m
2026-08-28 16:08:21 | src.control.pickplace_controller | DEBUG    | Can | LIFT progress | tick=80 | position_error=0.1069 m
2026-08-28 16:08:22 | src.control.pickplace_controller | DEBUG    | Can | LIFT progress | tick=100 | position_error=0.0314 m
2026-08-28 16:08:22 | src.control.pickplace_controller | INFO     | Can | LIFT verified | object rose 0.327 m while grasped
2026-08-28 16:08:22 | src.control.pickplace_controller | INFO     | Can | LIFT completed | ticks=107 | position_error=0.0044 m | joint5_error=0.03° | joint6_error=0.70°
2026-08-28 16:08:22 | src.control.pickplace_controller | INFO     | Can | REZERO_YAW started | target_yaw=-84.91°
2026-08-28 16:08:22 | src.control.pickplace_controller | INFO     | Can | REZERO_YAW completed | ticks=0 | yaw_error=0.00°
2026-08-28 16:08:22 | src.control.pickplace_controller | INFO     | Can | MOVE_TO_BIN started | target_position=(0.198, 0.403, 1.200)
2026-08-28 16:08:22 | src.control.pickplace_controller | DEBUG    | Can | MOVE_TO_BIN progress | tick=20 | position_error=0.5773 m
2026-08-28 16:08:23 | src.control.pickplace_controller | DEBUG    | Can | MOVE_TO_BIN progress | tick=40 | position_error=0.4981 m
2026-08-28 16:08:24 | src.control.pickplace_controller | DEBUG    | Can | MOVE_TO_BIN progress | tick=60 | position_error=0.4159 m
2026-08-28 16:08:24 | src.control.pickplace_controller | DEBUG    | Can | MOVE_TO_BIN progress | tick=80 | position_error=0.3303 m
2026-08-28 16:08:25 | src.control.pickplace_controller | DEBUG    | Can | MOVE_TO_BIN progress | tick=100 | position_error=0.2432 m
2026-08-28 16:08:25 | src.control.pickplace_controller | DEBUG    | Can | MOVE_TO_BIN progress | tick=120 | position_error=0.1741 m
2026-08-28 16:08:25 | src.control.pickplace_controller | DEBUG    | Can | MOVE_TO_BIN progress | tick=140 | position_error=0.1193 m
2026-08-28 16:08:26 | src.control.pickplace_controller | DEBUG    | Can | MOVE_TO_BIN progress | tick=160 | position_error=0.0743 m
2026-08-28 16:08:26 | src.control.pickplace_controller | DEBUG    | Can | MOVE_TO_BIN progress | tick=180 | position_error=0.0370 m
2026-08-28 16:08:27 | src.control.pickplace_controller | DEBUG    | Can | MOVE_TO_BIN progress | tick=200 | position_error=0.0073 m
2026-08-28 16:08:27 | src.control.pickplace_controller | INFO     | Can | MOVE_TO_BIN completed | ticks=201 | position_error=0.0039 m | joint5_error=0.18° | joint6_error=0.28° | yaw_error=-0.57°
2026-08-28 16:08:27 | src.control.pickplace_controller | INFO     | Can | DESCEND_TO_BIN started | target_position=(0.198, 0.403, 0.950)
2026-08-28 16:08:27 | src.control.pickplace_controller | DEBUG    | Can | DESCEND_TO_BIN progress | tick=20 | position_error=0.1777 m
2026-08-28 16:08:28 | src.control.pickplace_controller | DEBUG    | Can | DESCEND_TO_BIN progress | tick=40 | position_error=0.0949 m
2026-08-28 16:08:28 | src.control.pickplace_controller | DEBUG    | Can | DESCEND_TO_BIN progress | tick=60 | position_error=0.0099 m
2026-08-28 16:08:28 | src.control.pickplace_controller | INFO     | Can | DESCEND_TO_BIN completed | ticks=61 | position_error=0.0026 m | joint5_error=0.23° | joint6_error=0.43° | yaw_error=-0.78°
2026-08-28 16:08:28 | src.control.pickplace_controller | INFO     | Can | RELEASE started | opening gripper | dwell_ticks=50
2026-08-28 16:08:29 | src.control.pickplace_controller | INFO     | Can | RELEASE completed | dwell_ticks=50 | placement finished
2026-08-28 16:08:29 | src.execution.pickplace_executor | INFO     | Scan 4 | detected=1
2026-08-28 16:08:29 | src.execution.pickplace_executor | INFO     | Scan 4 | Bread detected | confidence=0.97 | world_position=(0.124, -0.278, 0.844) | grasp_yaw=32.2° | position_error=0.7cm | rotation_error=0.1°
2026-08-28 16:08:30 | src.util.logging_configurator | INFO     | Scan 4 | saved outputs/scans/scan_04_agentview.png
2026-08-28 16:08:30 | src.control.pickplace_controller | INFO     | Bread | joint-pose start | object=(0.124, -0.278, 0.844) | bin=(0.198, 0.158, 0.800)
2026-08-28 16:08:30 | src.control.pickplace_controller | INFO     | Bread | RAISE started | target_position=(0.199, 0.403, 1.200)
2026-08-28 16:08:30 | src.control.pickplace_controller | DEBUG    | Bread | RAISE progress | tick=20 | position_error=0.1846 m
2026-08-28 16:08:30 | src.control.pickplace_controller | DEBUG    | Bread | RAISE progress | tick=40 | position_error=0.1020 m
2026-08-28 16:08:31 | src.control.pickplace_controller | DEBUG    | Bread | RAISE progress | tick=60 | position_error=0.0217 m
2026-08-28 16:08:31 | src.control.pickplace_controller | INFO     | Bread | RAISE completed | ticks=64 | position_error=0.0044 m | joint5_error=0.05° | joint6_error=0.67°
2026-08-28 16:08:31 | src.control.pickplace_controller | INFO     | Bread | ALIGN_XY started | target_position=(0.124, -0.278, 1.200)
2026-08-28 16:08:31 | src.control.pickplace_controller | DEBUG    | Bread | ALIGN_XY progress | tick=20 | position_error=0.6382 m
2026-08-28 16:08:32 | src.control.pickplace_controller | DEBUG    | Bread | ALIGN_XY progress | tick=40 | position_error=0.5808 m
2026-08-28 16:08:32 | src.control.pickplace_controller | DEBUG    | Bread | ALIGN_XY progress | tick=60 | position_error=0.5068 m
2026-08-28 16:08:33 | src.control.pickplace_controller | DEBUG    | Bread | ALIGN_XY progress | tick=80 | position_error=0.4224 m
2026-08-28 16:08:33 | src.control.pickplace_controller | DEBUG    | Bread | ALIGN_XY progress | tick=100 | position_error=0.3373 m
2026-08-28 16:08:33 | src.control.pickplace_controller | DEBUG    | Bread | ALIGN_XY progress | tick=120 | position_error=0.2522 m
2026-08-28 16:08:34 | src.control.pickplace_controller | DEBUG    | Bread | ALIGN_XY progress | tick=140 | position_error=0.1669 m
2026-08-28 16:08:34 | src.control.pickplace_controller | DEBUG    | Bread | ALIGN_XY progress | tick=160 | position_error=0.0817 m
2026-08-28 16:08:35 | src.control.pickplace_controller | INFO     | Bread | ALIGN_XY completed | ticks=178 | position_error=0.0029 m | joint5_error=0.14° | joint6_error=0.17°
2026-08-28 16:08:35 | src.control.pickplace_controller | INFO     | Bread | DESCEND started | target_position=(0.124, -0.278, 0.964)
2026-08-28 16:08:35 | src.control.pickplace_controller | DEBUG    | Bread | DESCEND progress | tick=20 | position_error=0.1654 m
2026-08-28 16:08:36 | src.control.pickplace_controller | DEBUG    | Bread | DESCEND progress | tick=40 | position_error=0.0850 m
2026-08-28 16:08:36 | src.control.pickplace_controller | DEBUG    | Bread | DESCEND progress | tick=60 | position_error=0.0051 m
2026-08-28 16:08:36 | src.control.pickplace_controller | INFO     | Bread | DESCEND completed | ticks=60 | position_error=0.0030 m | joint5_error=0.30° | joint6_error=0.49°
2026-08-28 16:08:36 | src.control.pickplace_controller | INFO     | Bread | ORIENT_YAW started | target_yaw=-147.84°
2026-08-28 16:08:37 | src.control.pickplace_controller | DEBUG    | Bread | ORIENT_YAW progress | tick=20
2026-08-28 16:08:37 | src.control.pickplace_controller | DEBUG    | Bread | ORIENT_YAW progress | tick=40
2026-08-28 16:08:38 | src.control.pickplace_controller | DEBUG    | Bread | ORIENT_YAW progress | tick=60
2026-08-28 16:08:38 | src.control.pickplace_controller | DEBUG    | Bread | ORIENT_YAW progress | tick=80
2026-08-28 16:08:38 | src.control.pickplace_controller | DEBUG    | Bread | ORIENT_YAW progress | tick=100
2026-08-28 16:08:38 | src.control.pickplace_controller | INFO     | Bread | ORIENT_YAW completed | ticks=102 | yaw_error=-0.77°
2026-08-28 16:08:38 | src.control.pickplace_controller | INFO     | Bread | FINE_DESCEND started | target_position=(0.124, -0.278, 0.841)
2026-08-28 16:08:39 | src.control.pickplace_controller | DEBUG    | Bread | FINE_DESCEND progress | tick=20 | position_error=0.1102 m
2026-08-28 16:08:39 | src.control.pickplace_controller | DEBUG    | Bread | FINE_DESCEND progress | tick=40 | position_error=0.0965 m
2026-08-28 16:08:40 | src.control.pickplace_controller | DEBUG    | Bread | FINE_DESCEND progress | tick=60 | position_error=0.0828 m
2026-08-28 16:08:40 | src.control.pickplace_controller | DEBUG    | Bread | FINE_DESCEND progress | tick=80 | position_error=0.0690 m
2026-08-28 16:08:41 | src.control.pickplace_controller | DEBUG    | Bread | FINE_DESCEND progress | tick=100 | position_error=0.0551 m
2026-08-28 16:08:41 | src.control.pickplace_controller | DEBUG    | Bread | FINE_DESCEND progress | tick=120 | position_error=0.0412 m
2026-08-28 16:08:41 | src.control.pickplace_controller | DEBUG    | Bread | FINE_DESCEND progress | tick=140 | position_error=0.0273 m
2026-08-28 16:08:42 | src.control.pickplace_controller | DEBUG    | Bread | FINE_DESCEND progress | tick=160 | position_error=0.0133 m
2026-08-28 16:08:42 | src.control.pickplace_controller | INFO     | Bread | FINE_DESCEND completed | ticks=171 | position_error=0.0049 m | joint5_error=0.10° | joint6_error=0.09°
2026-08-28 16:08:42 | src.control.pickplace_controller | INFO     | Bread | GRASP started | closing gripper | dwell_ticks=40
2026-08-28 16:08:43 | src.control.pickplace_controller | INFO     | Bread | GRASP completed | object is held | dwell_ticks=40
2026-08-28 16:08:43 | src.control.pickplace_controller | INFO     | Bread | LIFT started | target_position=(0.124, -0.278, 1.200)
2026-08-28 16:08:43 | src.control.pickplace_controller | DEBUG    | Bread | LIFT progress | tick=20 | position_error=0.2973 m
2026-08-28 16:08:44 | src.control.pickplace_controller | DEBUG    | Bread | LIFT progress | tick=40 | position_error=0.2278 m
2026-08-28 16:08:44 | src.control.pickplace_controller | DEBUG    | Bread | LIFT progress | tick=60 | position_error=0.1494 m
2026-08-28 16:08:45 | src.control.pickplace_controller | DEBUG    | Bread | LIFT progress | tick=80 | position_error=0.0700 m
2026-08-28 16:08:45 | src.control.pickplace_controller | INFO     | Bread | LIFT verified | object rose 0.349 m while grasped
2026-08-28 16:08:45 | src.control.pickplace_controller | INFO     | Bread | LIFT completed | ticks=96 | position_error=0.0049 m | joint5_error=0.09° | joint6_error=0.70°
2026-08-28 16:08:45 | src.control.pickplace_controller | INFO     | Bread | REZERO_YAW started | target_yaw=90.00°
2026-08-28 16:08:46 | src.control.pickplace_controller | DEBUG    | Bread | REZERO_YAW progress | tick=20
2026-08-28 16:08:46 | src.control.pickplace_controller | DEBUG    | Bread | REZERO_YAW progress | tick=40
2026-08-28 16:08:46 | src.control.pickplace_controller | DEBUG    | Bread | REZERO_YAW progress | tick=60
2026-08-28 16:08:47 | src.control.pickplace_controller | DEBUG    | Bread | REZERO_YAW progress | tick=80
2026-08-28 16:08:47 | src.control.pickplace_controller | INFO     | Bread | REZERO_YAW completed | ticks=85 | yaw_error=0.71°
2026-08-28 16:08:47 | src.control.pickplace_controller | INFO     | Bread | MOVE_TO_BIN started | target_position=(0.198, 0.158, 1.200)
2026-08-28 16:08:47 | src.control.pickplace_controller | DEBUG    | Bread | MOVE_TO_BIN progress | tick=20 | position_error=0.3650 m
2026-08-28 16:08:48 | src.control.pickplace_controller | DEBUG    | Bread | MOVE_TO_BIN progress | tick=40 | position_error=0.2818 m
2026-08-28 16:08:48 | src.control.pickplace_controller | DEBUG    | Bread | MOVE_TO_BIN progress | tick=60 | position_error=0.1968 m
2026-08-28 16:08:49 | src.control.pickplace_controller | DEBUG    | Bread | MOVE_TO_BIN progress | tick=80 | position_error=0.1102 m
2026-08-28 16:08:49 | src.control.pickplace_controller | DEBUG    | Bread | MOVE_TO_BIN progress | tick=100 | position_error=0.0222 m
2026-08-28 16:08:49 | src.control.pickplace_controller | INFO     | Bread | MOVE_TO_BIN completed | ticks=105 | position_error=0.0026 m | joint5_error=0.11° | joint6_error=0.19° | yaw_error=-0.37°
2026-08-28 16:08:49 | src.control.pickplace_controller | INFO     | Bread | DESCEND_TO_BIN started | target_position=(0.198, 0.158, 0.850)
2026-08-28 16:08:50 | src.control.pickplace_controller | DEBUG    | Bread | DESCEND_TO_BIN progress | tick=20 | position_error=0.2779 m
2026-08-28 16:08:50 | src.control.pickplace_controller | DEBUG    | Bread | DESCEND_TO_BIN progress | tick=40 | position_error=0.1969 m
2026-08-28 16:08:51 | src.control.pickplace_controller | DEBUG    | Bread | DESCEND_TO_BIN progress | tick=60 | position_error=0.1147 m
2026-08-28 16:08:51 | src.control.pickplace_controller | DEBUG    | Bread | DESCEND_TO_BIN progress | tick=80 | position_error=0.0394 m
2026-08-28 16:08:51 | src.control.pickplace_controller | INFO     | Bread | DESCEND_TO_BIN completed | ticks=98 | position_error=0.0005 m | joint5_error=0.09° | joint6_error=0.03° | yaw_error=-0.71°
2026-08-28 16:08:51 | src.control.pickplace_controller | INFO     | Bread | RELEASE started | opening gripper | dwell_ticks=50
2026-08-28 16:08:52 | src.control.pickplace_controller | INFO     | Bread | RELEASE completed | dwell_ticks=50 | placement finished
2026-08-28 16:08:52 | src.util.logging_configurator | INFO     | TRAJECTORY | Saved 3489 compact states | trajectory=outputs\trajectory\trajectory.bin | model=outputs\trajectory\model.zip
2026-08-28 16:08:52 | src.execution.pickplace_executor | INFO     | SUMMARY | objects_placed=4/4 | placed=Cereal, Milk, Can, Bread | simulation_duration=174.5 s
2026-08-28 16:08:52 | src.util.logging_configurator | INFO     | Pipeline completed | objects_placed=4
